# Test case: Adding positive numbers
>>> add_integer(2, 3)
5

# Test case: Adding negative numbers
>>> add_integer(-2, -3)
-5

# Test case: Adding zero
>>> add_integer(0, 0)
0

# Test case: Adding maximum integer value
>>> add_integer(2147483647, 1)
2147483648

# Test case: Testing for potential overflow
>>> add_integer(2147483647, 10)
Traceback (most recent call last):
    ...
OverflowError: cannot convert float infinity to integer

